This file contains any messages produced by compilers while
running configure, to aid debugging if configure makes a mistake.

It was created by libatomic_ops configure 1.2, which was
generated by GNU Autoconf 2.61.  Invocation command line was

  $ ./configure --prefix=/home/mercury/public/test_mercury/test_dirs/aral/build.latest.gcc/mercury/boehm_gc/libatomic_ops-install CC=/mnt/mercury/aral/test_mercury_aral/build.latest.gcc/mercury/boehm_gc/../scripts/mgnuc --grade asm_fast.gc --no-ansi --no-check --no-mercury-stdlib-dir --no-create --no-recursion

## --------- ##
## Platform. ##
## --------- ##

hostname = aral
uname -m = i686
uname -r = 2.6.26-2-686
uname -s = Linux
uname -v = #1 SMP Fri Aug 14 01:27:18 UTC 2009

/usr/bin/uname -p = unknown
/bin/uname -X     = unknown

/bin/arch              = unknown
/usr/bin/arch -k       = unknown
/usr/convex/getsysinfo = unknown
/usr/bin/hostinfo      = unknown
/bin/machine           = unknown
/usr/bin/oslevel       = unknown
/bin/universe          = unknown

PATH: ../scripts
PATH: ../util
PATH: /mnt/mercury/aral/test_mercury_aral/build.latest.gcc/mercury/tools
PATH: /home/aral/public/mercury-latest/i686-pc-linux-gnu/bin
PATH: /home/mercury/public/test_mercury/scripts
PATH: /home/mercury/public/aral
PATH: /home/mercury/public/i686-pc-linux-gnu/bin
PATH: /home/mercury/public/i686-pc-linux-gnu
PATH: /home/mercury/public/autoconf-2.52/i686-pc-linux-gnu/bin
PATH: /home/mercury/public/autoconf-2.13/i686-pc-linux-gnu/bin
PATH: /home/aral/public/mercury-latest/i686-pc-linux-gnu/bin
PATH: /home/mercury/public/mercury-latest/i686-pc-linux-gnu/bin
PATH: /home/mercury/public/cron/bin/i686
PATH: /usr/local/apps/gcc-2.95.3/bin
PATH: /usr/local/apps/strace/bin
PATH: /usr/local/contrib/bin
PATH: /usr/local/bin
PATH: /usr/local/contrib/games
PATH: /usr/local/sbin
PATH: /usr/sbin
PATH: /sbin
PATH: /usr/bin
PATH: /bin
PATH: /lib
PATH: /usr/hosts
PATH: /usr/bin/X11
PATH: /usr/local/X11/bin
PATH: /usr/local/tex
PATH: /usr/local/groff
PATH: /usr/local/news
PATH: /usr/local/elm
PATH: /usr/local/perl
PATH: /usr/games
PATH: /usr/etc
PATH: /etc
PATH: /opt/cygnus/bin
PATH: /opt/gnu/bin
PATH: /usr/ccs/bin
PATH: /usr/local/ucb
PATH: /usr/ucb
PATH: /usr/lib/java/bin
PATH: /usr/bin


## ----------- ##
## Core tests. ##
## ----------- ##

configure:1787: checking build system type
configure:1805: result: i686-pc-linux-gnu
configure:1827: checking host system type
configure:1842: result: i686-pc-linux-gnu
configure:1864: checking target system type
configure:1879: result: i686-pc-linux-gnu
configure:1922: checking for a BSD-compatible install
configure:1978: result: /usr/bin/install -c
configure:1989: checking whether build environment is sane
configure:2032: result: yes
configure:2097: checking for gawk
configure:2113: found /usr/bin/gawk
configure:2124: result: gawk
configure:2135: checking whether make sets $(MAKE)
configure:2156: result: yes
configure:2383: checking for ranlib
configure:2399: found /usr/bin/ranlib
configure:2410: result: ranlib
configure:2489: checking for gcc
configure:2516: result: /mnt/mercury/aral/test_mercury_aral/build.latest.gcc/mercury/boehm_gc/../scripts/mgnuc --grade asm_fast.gc --no-ansi --no-check --no-mercury-stdlib-dir
configure:2754: checking for C compiler version
configure:2761: /mnt/mercury/aral/test_mercury_aral/build.latest.gcc/mercury/boehm_gc/../scripts/mgnuc --grade asm_fast.gc --no-ansi --no-check --no-mercury-stdlib-dir --version >&5
gcc-3.4 (GCC) 3.4.6 (Debian 3.4.6-9)
Copyright (C) 2006 Free Software Foundation, Inc.
This is free software; see the source for copying conditions.  There is NO
warranty; not even for MERCHANTABILITY or FITNESS FOR A PARTICULAR PURPOSE.

configure:2764: $? = 0
configure:2771: /mnt/mercury/aral/test_mercury_aral/build.latest.gcc/mercury/boehm_gc/../scripts/mgnuc --grade asm_fast.gc --no-ansi --no-check --no-mercury-stdlib-dir -v >&5
/usr/bin/gcc-3.4 -Wno-uninitialized -O2 -fno-strict-aliasing -fomit-frame-pointer -DMR_USE_ASM_LABELS -DMR_USE_GCC_NONLOCAL_GOTOS -DMR_USE_GCC_GLOBAL_REGISTERS -fno-builtin -fno-omit-frame-pointer -fno-defer-pop -fno-function-cse -fno-gcse -DMR_CONSERVATIVE_GC -DMR_BOEHM_GC -D__EXTENSIONS__ -D_GNU_SOURCE
gcc-3.4: no input files
configure:2774: $? = 1
configure:2781: /mnt/mercury/aral/test_mercury_aral/build.latest.gcc/mercury/boehm_gc/../scripts/mgnuc --grade asm_fast.gc --no-ansi --no-check --no-mercury-stdlib-dir -V >&5
gcc-3.4: `-V' must come at the start of the command line
configure:2784: $? = 1
configure:2807: checking for C compiler default output file name
configure:2834: /mnt/mercury/aral/test_mercury_aral/build.latest.gcc/mercury/boehm_gc/../scripts/mgnuc --grade asm_fast.gc --no-ansi --no-check --no-mercury-stdlib-dir    conftest.c  >&5
configure:2837: $? = 0
configure:2875: result: a.out
configure:2892: checking whether the C compiler works
configure:2902: ./a.out
configure:2905: $? = 0
configure:2922: result: yes
configure:2929: checking whether we are cross compiling
configure:2931: result: no
configure:2934: checking for suffix of executables
configure:2941: /mnt/mercury/aral/test_mercury_aral/build.latest.gcc/mercury/boehm_gc/../scripts/mgnuc --grade asm_fast.gc --no-ansi --no-check --no-mercury-stdlib-dir -o conftest    conftest.c  >&5
configure:2944: $? = 0
configure:2968: result: 
configure:2974: checking for suffix of object files
configure:3000: /mnt/mercury/aral/test_mercury_aral/build.latest.gcc/mercury/boehm_gc/../scripts/mgnuc --grade asm_fast.gc --no-ansi --no-check --no-mercury-stdlib-dir -c   conftest.c >&5
configure:3003: $? = 0
configure:3026: result: o
configure:3030: checking whether we are using the GNU C compiler
configure:3059: /mnt/mercury/aral/test_mercury_aral/build.latest.gcc/mercury/boehm_gc/../scripts/mgnuc --grade asm_fast.gc --no-ansi --no-check --no-mercury-stdlib-dir -c   conftest.c >&5
configure:3065: $? = 0
configure:3082: result: yes
configure:3087: checking whether /mnt/mercury/aral/test_mercury_aral/build.latest.gcc/mercury/boehm_gc/../scripts/mgnuc --grade asm_fast.gc --no-ansi --no-check --no-mercury-stdlib-dir accepts -g
configure:3117: /mnt/mercury/aral/test_mercury_aral/build.latest.gcc/mercury/boehm_gc/../scripts/mgnuc --grade asm_fast.gc --no-ansi --no-check --no-mercury-stdlib-dir -c -g  conftest.c >&5
configure:3123: $? = 0
configure:3222: result: yes
configure:3239: checking for /mnt/mercury/aral/test_mercury_aral/build.latest.gcc/mercury/boehm_gc/../scripts/mgnuc --grade asm_fast.gc --no-ansi --no-check --no-mercury-stdlib-dir option to accept ISO C89
configure:3313: /mnt/mercury/aral/test_mercury_aral/build.latest.gcc/mercury/boehm_gc/../scripts/mgnuc --grade asm_fast.gc --no-ansi --no-check --no-mercury-stdlib-dir  -c -g -O2  conftest.c >&5
configure:3319: $? = 0
configure:3342: result: none needed
configure:3371: checking for style of include used by make
configure:3399: result: GNU
configure:3427: checking dependency style of /mnt/mercury/aral/test_mercury_aral/build.latest.gcc/mercury/boehm_gc/../scripts/mgnuc --grade asm_fast.gc --no-ansi --no-check --no-mercury-stdlib-dir
configure:3517: result: gcc3
configure:3549: checking how to run the C preprocessor
configure:3589: /mnt/mercury/aral/test_mercury_aral/build.latest.gcc/mercury/boehm_gc/../scripts/mgnuc --grade asm_fast.gc --no-ansi --no-check --no-mercury-stdlib-dir -E  conftest.c
configure:3595: $? = 0
configure:3626: /mnt/mercury/aral/test_mercury_aral/build.latest.gcc/mercury/boehm_gc/../scripts/mgnuc --grade asm_fast.gc --no-ansi --no-check --no-mercury-stdlib-dir -E  conftest.c
conftest.c:10:28: ac_nonexistent.h: No such file or directory
configure:3632: $? = 1
configure: failed program was:
| /* confdefs.h.  */
| #define PACKAGE_NAME "libatomic_ops"
| #define PACKAGE_TARNAME "libatomic_ops"
| #define PACKAGE_VERSION "1.2"
| #define PACKAGE_STRING "libatomic_ops 1.2"
| #define PACKAGE_BUGREPORT ""
| #define PACKAGE "libatomic_ops"
| #define VERSION "1.2"
| /* end confdefs.h.  */
| #include <ac_nonexistent.h>
configure:3665: result: /mnt/mercury/aral/test_mercury_aral/build.latest.gcc/mercury/boehm_gc/../scripts/mgnuc --grade asm_fast.gc --no-ansi --no-check --no-mercury-stdlib-dir -E
configure:3694: /mnt/mercury/aral/test_mercury_aral/build.latest.gcc/mercury/boehm_gc/../scripts/mgnuc --grade asm_fast.gc --no-ansi --no-check --no-mercury-stdlib-dir -E  conftest.c
configure:3700: $? = 0
configure:3731: /mnt/mercury/aral/test_mercury_aral/build.latest.gcc/mercury/boehm_gc/../scripts/mgnuc --grade asm_fast.gc --no-ansi --no-check --no-mercury-stdlib-dir -E  conftest.c
conftest.c:10:28: ac_nonexistent.h: No such file or directory
configure:3737: $? = 1
configure: failed program was:
| /* confdefs.h.  */
| #define PACKAGE_NAME "libatomic_ops"
| #define PACKAGE_TARNAME "libatomic_ops"
| #define PACKAGE_VERSION "1.2"
| #define PACKAGE_STRING "libatomic_ops 1.2"
| #define PACKAGE_BUGREPORT ""
| #define PACKAGE "libatomic_ops"
| #define VERSION "1.2"
| /* end confdefs.h.  */
| #include <ac_nonexistent.h>
configure:3775: checking for grep that handles long lines and -e
configure:3849: result: /bin/grep
configure:3854: checking for egrep
configure:3932: result: /bin/grep -E
configure:3937: checking for ANSI C header files
configure:3967: /mnt/mercury/aral/test_mercury_aral/build.latest.gcc/mercury/boehm_gc/../scripts/mgnuc --grade asm_fast.gc --no-ansi --no-check --no-mercury-stdlib-dir -c -g -O2  conftest.c >&5
configure:3973: $? = 0
configure:4072: /mnt/mercury/aral/test_mercury_aral/build.latest.gcc/mercury/boehm_gc/../scripts/mgnuc --grade asm_fast.gc --no-ansi --no-check --no-mercury-stdlib-dir -o conftest -g -O2   conftest.c  >&5
configure:4075: $? = 0
configure:4081: ./conftest
configure:4084: $? = 0
configure:4101: result: yes
configure:4125: checking for sys/types.h
configure:4146: /mnt/mercury/aral/test_mercury_aral/build.latest.gcc/mercury/boehm_gc/../scripts/mgnuc --grade asm_fast.gc --no-ansi --no-check --no-mercury-stdlib-dir -c -g -O2  conftest.c >&5
configure:4152: $? = 0
configure:4168: result: yes
configure:4125: checking for sys/stat.h
configure:4146: /mnt/mercury/aral/test_mercury_aral/build.latest.gcc/mercury/boehm_gc/../scripts/mgnuc --grade asm_fast.gc --no-ansi --no-check --no-mercury-stdlib-dir -c -g -O2  conftest.c >&5
configure:4152: $? = 0
configure:4168: result: yes
configure:4125: checking for stdlib.h
configure:4146: /mnt/mercury/aral/test_mercury_aral/build.latest.gcc/mercury/boehm_gc/../scripts/mgnuc --grade asm_fast.gc --no-ansi --no-check --no-mercury-stdlib-dir -c -g -O2  conftest.c >&5
configure:4152: $? = 0
configure:4168: result: yes
configure:4125: checking for string.h
configure:4146: /mnt/mercury/aral/test_mercury_aral/build.latest.gcc/mercury/boehm_gc/../scripts/mgnuc --grade asm_fast.gc --no-ansi --no-check --no-mercury-stdlib-dir -c -g -O2  conftest.c >&5
configure:4152: $? = 0
configure:4168: result: yes
configure:4125: checking for memory.h
configure:4146: /mnt/mercury/aral/test_mercury_aral/build.latest.gcc/mercury/boehm_gc/../scripts/mgnuc --grade asm_fast.gc --no-ansi --no-check --no-mercury-stdlib-dir -c -g -O2  conftest.c >&5
configure:4152: $? = 0
configure:4168: result: yes
configure:4125: checking for strings.h
configure:4146: /mnt/mercury/aral/test_mercury_aral/build.latest.gcc/mercury/boehm_gc/../scripts/mgnuc --grade asm_fast.gc --no-ansi --no-check --no-mercury-stdlib-dir -c -g -O2  conftest.c >&5
configure:4152: $? = 0
configure:4168: result: yes
configure:4125: checking for inttypes.h
configure:4146: /mnt/mercury/aral/test_mercury_aral/build.latest.gcc/mercury/boehm_gc/../scripts/mgnuc --grade asm_fast.gc --no-ansi --no-check --no-mercury-stdlib-dir -c -g -O2  conftest.c >&5
configure:4152: $? = 0
configure:4168: result: yes
configure:4125: checking for stdint.h
configure:4146: /mnt/mercury/aral/test_mercury_aral/build.latest.gcc/mercury/boehm_gc/../scripts/mgnuc --grade asm_fast.gc --no-ansi --no-check --no-mercury-stdlib-dir -c -g -O2  conftest.c >&5
configure:4152: $? = 0
configure:4168: result: yes
configure:4125: checking for unistd.h
configure:4146: /mnt/mercury/aral/test_mercury_aral/build.latest.gcc/mercury/boehm_gc/../scripts/mgnuc --grade asm_fast.gc --no-ansi --no-check --no-mercury-stdlib-dir -c -g -O2  conftest.c >&5
configure:4152: $? = 0
configure:4168: result: yes
configure:4186: checking for stdlib.h
configure:4192: result: yes
configure:4186: checking for unistd.h
configure:4192: result: yes
configure:4325: checking for getpagesize
configure:4381: /mnt/mercury/aral/test_mercury_aral/build.latest.gcc/mercury/boehm_gc/../scripts/mgnuc --grade asm_fast.gc --no-ansi --no-check --no-mercury-stdlib-dir -o conftest -g -O2   conftest.c  >&5
configure:4387: $? = 0
configure:4405: result: yes
configure:4415: checking for working mmap
configure:4562: /mnt/mercury/aral/test_mercury_aral/build.latest.gcc/mercury/boehm_gc/../scripts/mgnuc --grade asm_fast.gc --no-ansi --no-check --no-mercury-stdlib-dir -o conftest -g -O2   conftest.c  >&5
configure:4565: $? = 0
configure:4571: ./conftest
configure:4574: $? = 0
configure:4590: result: yes
configure:4603: checking for ANSI C header files
configure:4767: result: yes
configure:4782: checking Determining PIC compiler flag
configure:4785: result: -fPIC
configure:4960: creating ./config.status

## ---------------- ##
## Cache variables. ##
## ---------------- ##

ac_cv_build=i686-pc-linux-gnu
ac_cv_c_compiler_gnu=yes
ac_cv_env_CCASFLAGS_set=
ac_cv_env_CCASFLAGS_value=
ac_cv_env_CCAS_set=
ac_cv_env_CCAS_value=
ac_cv_env_CC_set=set
ac_cv_env_CC_value='/mnt/mercury/aral/test_mercury_aral/build.latest.gcc/mercury/boehm_gc/../scripts/mgnuc --grade asm_fast.gc --no-ansi --no-check --no-mercury-stdlib-dir'
ac_cv_env_CFLAGS_set=
ac_cv_env_CFLAGS_value=
ac_cv_env_CPPFLAGS_set=
ac_cv_env_CPPFLAGS_value=
ac_cv_env_CPP_set=
ac_cv_env_CPP_value=
ac_cv_env_LDFLAGS_set=
ac_cv_env_LDFLAGS_value=
ac_cv_env_LIBS_set=
ac_cv_env_LIBS_value=
ac_cv_env_build_alias_set=
ac_cv_env_build_alias_value=
ac_cv_env_host_alias_set=
ac_cv_env_host_alias_value=
ac_cv_env_target_alias_set=
ac_cv_env_target_alias_value=
ac_cv_func_getpagesize=yes
ac_cv_func_mmap_fixed_mapped=yes
ac_cv_header_inttypes_h=yes
ac_cv_header_memory_h=yes
ac_cv_header_stdc=yes
ac_cv_header_stdint_h=yes
ac_cv_header_stdlib_h=yes
ac_cv_header_string_h=yes
ac_cv_header_strings_h=yes
ac_cv_header_sys_stat_h=yes
ac_cv_header_sys_types_h=yes
ac_cv_header_unistd_h=yes
ac_cv_host=i686-pc-linux-gnu
ac_cv_objext=o
ac_cv_path_EGREP='/bin/grep -E'
ac_cv_path_GREP=/bin/grep
ac_cv_path_install='/usr/bin/install -c'
ac_cv_prog_AWK=gawk
ac_cv_prog_CPP='/mnt/mercury/aral/test_mercury_aral/build.latest.gcc/mercury/boehm_gc/../scripts/mgnuc --grade asm_fast.gc --no-ansi --no-check --no-mercury-stdlib-dir -E'
ac_cv_prog_ac_ct_CC='/mnt/mercury/aral/test_mercury_aral/build.latest.gcc/mercury/boehm_gc/../scripts/mgnuc --grade asm_fast.gc --no-ansi --no-check --no-mercury-stdlib-dir'
ac_cv_prog_ac_ct_RANLIB=ranlib
ac_cv_prog_cc_c89=
ac_cv_prog_cc_g=yes
ac_cv_prog_make_make_set=yes
ac_cv_target=i686-pc-linux-gnu
am_cv_CC_dependencies_compiler_type=gcc3

## ----------------- ##
## Output variables. ##
## ----------------- ##

ACLOCAL='${SHELL} /home/mercury/public/test_mercury/test_dirs/aral/build.latest.gcc/mercury/boehm_gc/libatomic_ops-1.2/missing --run aclocal-1.9'
AMDEPBACKSLASH='\'
AMDEP_FALSE='#'
AMDEP_TRUE=''
AMTAR='${SHELL} /home/mercury/public/test_mercury/test_dirs/aral/build.latest.gcc/mercury/boehm_gc/libatomic_ops-1.2/missing --run tar'
AUTOCONF='${SHELL} /home/mercury/public/test_mercury/test_dirs/aral/build.latest.gcc/mercury/boehm_gc/libatomic_ops-1.2/missing --run autoconf'
AUTOHEADER='${SHELL} /home/mercury/public/test_mercury/test_dirs/aral/build.latest.gcc/mercury/boehm_gc/libatomic_ops-1.2/missing --run autoheader'
AUTOMAKE='${SHELL} /home/mercury/public/test_mercury/test_dirs/aral/build.latest.gcc/mercury/boehm_gc/libatomic_ops-1.2/missing --run automake-1.9'
AWK='gawk'
CC='/mnt/mercury/aral/test_mercury_aral/build.latest.gcc/mercury/boehm_gc/../scripts/mgnuc --grade asm_fast.gc --no-ansi --no-check --no-mercury-stdlib-dir'
CCAS='/mnt/mercury/aral/test_mercury_aral/build.latest.gcc/mercury/boehm_gc/../scripts/mgnuc --grade asm_fast.gc --no-ansi --no-check --no-mercury-stdlib-dir'
CCASFLAGS='-g -O2'
CCDEPMODE='depmode=gcc3'
CFLAGS='-g -O2 -DNDEBUG'
CPP='/mnt/mercury/aral/test_mercury_aral/build.latest.gcc/mercury/boehm_gc/../scripts/mgnuc --grade asm_fast.gc --no-ansi --no-check --no-mercury-stdlib-dir -E'
CPPFLAGS=''
CYGPATH_W='echo'
DEFS='-DHAVE_CONFIG_H'
DEPDIR='.deps'
ECHO_C=''
ECHO_N='-n'
ECHO_T=''
EGREP='/bin/grep -E'
EXEEXT=''
GREP='/bin/grep'
INSTALL_DATA='${INSTALL} -m 644'
INSTALL_PROGRAM='${INSTALL}'
INSTALL_SCRIPT='${INSTALL}'
INSTALL_STRIP_PROGRAM='${SHELL} $(install_sh) -c -s'
LDFLAGS=''
LIBOBJS=''
LIBS=''
LTLIBOBJS=''
MAKEINFO='${SHELL} /home/mercury/public/test_mercury/test_dirs/aral/build.latest.gcc/mercury/boehm_gc/libatomic_ops-1.2/missing --run makeinfo'
NEED_ASM_FALSE=''
NEED_ASM_TRUE='#'
OBJEXT='o'
PACKAGE='libatomic_ops'
PACKAGE_BUGREPORT=''
PACKAGE_NAME='libatomic_ops'
PACKAGE_STRING='libatomic_ops 1.2'
PACKAGE_TARNAME='libatomic_ops'
PACKAGE_VERSION='1.2'
PATH_SEPARATOR=':'
PICFLAG='-fPIC'
RANLIB='ranlib'
SET_MAKE=''
SHELL='/bin/sh'
STRIP=''
VERSION='1.2'
ac_ct_CC='/mnt/mercury/aral/test_mercury_aral/build.latest.gcc/mercury/boehm_gc/../scripts/mgnuc --grade asm_fast.gc --no-ansi --no-check --no-mercury-stdlib-dir'
am__fastdepCC_FALSE='#'
am__fastdepCC_TRUE=''
am__include='include'
am__leading_dot='.'
am__quote=''
am__tar='${AMTAR} chof - "$$tardir"'
am__untar='${AMTAR} xf -'
bindir='${exec_prefix}/bin'
build='i686-pc-linux-gnu'
build_alias=''
build_cpu='i686'
build_os='linux-gnu'
build_vendor='pc'
datadir='${datarootdir}'
datarootdir='${prefix}/share'
docdir='${datarootdir}/doc/${PACKAGE_TARNAME}'
dvidir='${docdir}'
exec_prefix='${prefix}'
host='i686-pc-linux-gnu'
host_alias=''
host_cpu='i686'
host_os='linux-gnu'
host_vendor='pc'
htmldir='${docdir}'
includedir='${prefix}/include'
infodir='${datarootdir}/info'
install_sh='/home/mercury/public/test_mercury/test_dirs/aral/build.latest.gcc/mercury/boehm_gc/libatomic_ops-1.2/install-sh'
libdir='${exec_prefix}/lib'
libexecdir='${exec_prefix}/libexec'
localedir='${datarootdir}/locale'
localstatedir='${prefix}/var'
mandir='${datarootdir}/man'
mkdir_p='mkdir -p --'
oldincludedir='/usr/include'
pdfdir='${docdir}'
prefix='/home/mercury/public/test_mercury/test_dirs/aral/build.latest.gcc/mercury/boehm_gc/libatomic_ops-install'
program_transform_name='s,x,x,'
psdir='${docdir}'
sbindir='${exec_prefix}/sbin'
sharedstatedir='${prefix}/com'
sysconfdir='${prefix}/etc'
target='i686-pc-linux-gnu'
target_alias=''
target_cpu='i686'
target_os='linux-gnu'
target_vendor='pc'

## ----------- ##
## confdefs.h. ##
## ----------- ##

#define PACKAGE_NAME "libatomic_ops"
#define PACKAGE_TARNAME "libatomic_ops"
#define PACKAGE_VERSION "1.2"
#define PACKAGE_STRING "libatomic_ops 1.2"
#define PACKAGE_BUGREPORT ""
#define PACKAGE "libatomic_ops"
#define VERSION "1.2"
#define STDC_HEADERS 1
#define HAVE_SYS_TYPES_H 1
#define HAVE_SYS_STAT_H 1
#define HAVE_STDLIB_H 1
#define HAVE_STRING_H 1
#define HAVE_MEMORY_H 1
#define HAVE_STRINGS_H 1
#define HAVE_INTTYPES_H 1
#define HAVE_STDINT_H 1
#define HAVE_UNISTD_H 1
#define HAVE_STDLIB_H 1
#define HAVE_UNISTD_H 1
#define HAVE_GETPAGESIZE 1
#define HAVE_MMAP 1
#define STDC_HEADERS 1

configure: exit 0

## ---------------------- ##
## Running config.status. ##
## ---------------------- ##

This file was extended by libatomic_ops config.status 1.2, which was
generated by GNU Autoconf 2.61.  Invocation command line was

  CONFIG_FILES    = 
  CONFIG_HEADERS  = 
  CONFIG_LINKS    = 
  CONFIG_COMMANDS = 
  $ ./config.status 

on aral

config.status:658: creating Makefile
config.status:793: WARNING:  Makefile.in seems to ignore the --datarootdir setting
config.status:658: creating src/Makefile
config.status:793: WARNING:  src/Makefile.in seems to ignore the --datarootdir setting
config.status:658: creating src/atomic_ops/Makefile
config.status:793: WARNING:  src/atomic_ops/Makefile.in seems to ignore the --datarootdir setting
config.status:658: creating src/atomic_ops/sysdeps/Makefile
config.status:793: WARNING:  src/atomic_ops/sysdeps/Makefile.in seems to ignore the --datarootdir setting
config.status:658: creating doc/Makefile
config.status:793: WARNING:  doc/Makefile.in seems to ignore the --datarootdir setting
config.status:658: creating tests/Makefile
config.status:793: WARNING:  tests/Makefile.in seems to ignore the --datarootdir setting
config.status:658: creating src/config.h
config.status:929: executing depfiles commands
config.status:929: executing default commands

## ---------------------- ##
## Running config.status. ##
## ---------------------- ##

This file was extended by libatomic_ops config.status 1.2, which was
generated by GNU Autoconf 2.61.  Invocation command line was

  CONFIG_FILES    = 
  CONFIG_HEADERS  = 
  CONFIG_LINKS    = 
  CONFIG_COMMANDS = 
  $ ./config.status src/config.h

on aral

config.status:658: creating src/config.h
config.status:883: src/config.h is unchanged
