This file contains any messages produced by compilers while
running configure, to aid debugging if configure makes a mistake.

It was created by libatomic_ops configure 7.2, which was
generated by GNU Autoconf 2.67.  Invocation command line was

  $ ./configure --prefix=/home/mercury/public/test_mercury/test_dirs/carlton/build.latest.gcc/mercury/boehm_gc/libatomic_ops-install --host=x86_64-unknown-linux-gnu host_alias=x86_64-unknown-linux-gnu CC=/mnt/g12/carlton/workspaces/test_mercury_carlton/build.latest.gcc/mercury/boehm_gc/../scripts/mgnuc --grade asm_fast.gc --no-ansi --no-check --no-mercury-stdlib-dir --no-create --no-recursion

## --------- ##
## Platform. ##
## --------- ##

hostname = carlton
uname -m = x86_64
uname -r = 2.6.35-32-generic
uname -s = Linux
uname -v = #67-Ubuntu SMP Mon Mar 5 19:39:49 UTC 2012

/usr/bin/uname -p = unknown
/bin/uname -X     = unknown

/bin/arch              = unknown
/usr/bin/arch -k       = unknown
/usr/convex/getsysinfo = unknown
/usr/bin/hostinfo      = unknown
/bin/machine           = unknown
/usr/bin/oslevel       = unknown
/bin/universe          = unknown

PATH: ../util
PATH: ../scripts
PATH: ../util
PATH: /mnt/g12/carlton/workspaces/test_mercury_carlton/build.latest.gcc/mercury/tools
PATH: /home/carlton/public/mercury-latest/x86_64-unknown-linux-gnu/bin
PATH: /home/mercury/public/test_mercury/scripts
PATH: /home/mercury/public/carlton
PATH: /home/mercury/public/x86_64-unknown-linux-gnu/bin
PATH: /home/mercury/public/x86_64-unknown-linux-gnu
PATH: /home/mercury/public/autoconf-2.52/x86_64-unknown-linux-gnu/bin
PATH: /home/mercury/public/autoconf-2.13/x86_64-unknown-linux-gnu/bin
PATH: /home/carlton/public/mercury-latest/x86_64-unknown-linux-gnu/bin
PATH: /home/mercury/public/mercury-latest/x86_64-unknown-linux-gnu/bin
PATH: /home/mercury/public/cron/bin/x86_64
PATH: /usr/local/apps/gcc-2.95.3/bin
PATH: /usr/local/apps/strace/bin
PATH: /usr/local/contrib/bin
PATH: /usr/local/bin
PATH: /usr/local/contrib/games
PATH: /usr/local/sbin
PATH: /usr/sbin
PATH: /sbin
PATH: /usr/bin
PATH: /bin
PATH: /lib
PATH: /usr/hosts
PATH: /usr/bin/X11
PATH: /usr/local/X11/bin
PATH: /usr/local/tex
PATH: /usr/local/groff
PATH: /usr/local/news
PATH: /usr/local/elm
PATH: /usr/local/perl
PATH: /usr/games
PATH: /usr/etc
PATH: /etc
PATH: /opt/cygnus/bin
PATH: /opt/gnu/bin
PATH: /usr/ccs/bin
PATH: /usr/local/ucb
PATH: /usr/ucb
PATH: /usr/lib/java/bin
PATH: /usr/bin


## ----------- ##
## Core tests. ##
## ----------- ##

configure:2084: checking build system type
configure:2098: result: x86_64-unknown-linux-gnu
configure:2118: checking host system type
configure:2131: result: x86_64-unknown-linux-gnu
configure:2151: checking target system type
configure:2164: result: x86_64-unknown-linux-gnu
configure:2207: checking for a BSD-compatible install
configure:2275: result: /usr/bin/install -c
configure:2286: checking whether build environment is sane
configure:2336: result: yes
configure:2385: checking for x86_64-unknown-linux-gnu-strip
configure:2415: result: no
configure:2425: checking for strip
configure:2441: found /usr/bin/strip
configure:2452: result: strip
configure:2477: checking for a thread-safe mkdir -p
configure:2516: result: /bin/mkdir -p
configure:2529: checking for gawk
configure:2545: found /usr/bin/gawk
configure:2556: result: gawk
configure:2567: checking whether make sets $(MAKE)
configure:2589: result: yes
configure:2672: checking for x86_64-unknown-linux-gnu-ranlib
configure:2699: result: ranlib
configure:2778: checking for style of include used by make
configure:2806: result: GNU
configure:2836: checking for x86_64-unknown-linux-gnu-gcc
configure:2863: result: /mnt/g12/carlton/workspaces/test_mercury_carlton/build.latest.gcc/mercury/boehm_gc/../scripts/mgnuc --grade asm_fast.gc --no-ansi --no-check --no-mercury-stdlib-dir
configure:3132: checking for C compiler version
configure:3141: /mnt/g12/carlton/workspaces/test_mercury_carlton/build.latest.gcc/mercury/boehm_gc/../scripts/mgnuc --grade asm_fast.gc --no-ansi --no-check --no-mercury-stdlib-dir --version >&5
gcc (Ubuntu/Linaro 4.4.4-14ubuntu5.1) 4.4.5
Copyright (C) 2010 Free Software Foundation, Inc.
This is free software; see the source for copying conditions.  There is NO
warranty; not even for MERCHANTABILITY or FITNESS FOR A PARTICULAR PURPOSE.

configure:3152: $? = 0
configure:3141: /mnt/g12/carlton/workspaces/test_mercury_carlton/build.latest.gcc/mercury/boehm_gc/../scripts/mgnuc --grade asm_fast.gc --no-ansi --no-check --no-mercury-stdlib-dir -v >&5
gcc -Wno-uninitialized -O2 -fno-strict-aliasing -fomit-frame-pointer -DMR_USE_ASM_LABELS -DMR_USE_GCC_NONLOCAL_GOTOS -DMR_USE_GCC_GLOBAL_REGISTERS -fno-builtin -fno-omit-frame-pointer -fno-defer-pop -fno-function-cse -fno-gcse -fno-move-loop-invariants -DMR_CONSERVATIVE_GC -DMR_BOEHM_GC -D__EXTENSIONS__ -D_GNU_SOURCE
gcc: no input files
configure:3152: $? = 1
configure:3141: /mnt/g12/carlton/workspaces/test_mercury_carlton/build.latest.gcc/mercury/boehm_gc/../scripts/mgnuc --grade asm_fast.gc --no-ansi --no-check --no-mercury-stdlib-dir -V >&5
gcc: '-V' must come at the start of the command line
configure:3152: $? = 1
configure:3141: /mnt/g12/carlton/workspaces/test_mercury_carlton/build.latest.gcc/mercury/boehm_gc/../scripts/mgnuc --grade asm_fast.gc --no-ansi --no-check --no-mercury-stdlib-dir -qversion >&5
gcc: unrecognized option '-qversion'
gcc: no input files
configure:3152: $? = 1
configure:3172: checking whether the C compiler works
configure:3194: /mnt/g12/carlton/workspaces/test_mercury_carlton/build.latest.gcc/mercury/boehm_gc/../scripts/mgnuc --grade asm_fast.gc --no-ansi --no-check --no-mercury-stdlib-dir    conftest.c  >&5
configure:3198: $? = 0
configure:3246: result: yes
configure:3249: checking for C compiler default output file name
configure:3251: result: a.out
configure:3257: checking for suffix of executables
configure:3264: /mnt/g12/carlton/workspaces/test_mercury_carlton/build.latest.gcc/mercury/boehm_gc/../scripts/mgnuc --grade asm_fast.gc --no-ansi --no-check --no-mercury-stdlib-dir -o conftest    conftest.c  >&5
configure:3268: $? = 0
configure:3290: result: 
configure:3312: checking whether we are cross compiling
configure:3320: /mnt/g12/carlton/workspaces/test_mercury_carlton/build.latest.gcc/mercury/boehm_gc/../scripts/mgnuc --grade asm_fast.gc --no-ansi --no-check --no-mercury-stdlib-dir -o conftest    conftest.c  >&5
configure:3324: $? = 0
configure:3331: ./conftest
configure:3335: $? = 0
configure:3350: result: no
configure:3355: checking for suffix of object files
configure:3377: /mnt/g12/carlton/workspaces/test_mercury_carlton/build.latest.gcc/mercury/boehm_gc/../scripts/mgnuc --grade asm_fast.gc --no-ansi --no-check --no-mercury-stdlib-dir -c   conftest.c >&5
configure:3381: $? = 0
configure:3402: result: o
configure:3406: checking whether we are using the GNU C compiler
configure:3425: /mnt/g12/carlton/workspaces/test_mercury_carlton/build.latest.gcc/mercury/boehm_gc/../scripts/mgnuc --grade asm_fast.gc --no-ansi --no-check --no-mercury-stdlib-dir -c   conftest.c >&5
configure:3425: $? = 0
configure:3434: result: yes
configure:3443: checking whether /mnt/g12/carlton/workspaces/test_mercury_carlton/build.latest.gcc/mercury/boehm_gc/../scripts/mgnuc --grade asm_fast.gc --no-ansi --no-check --no-mercury-stdlib-dir accepts -g
configure:3463: /mnt/g12/carlton/workspaces/test_mercury_carlton/build.latest.gcc/mercury/boehm_gc/../scripts/mgnuc --grade asm_fast.gc --no-ansi --no-check --no-mercury-stdlib-dir -c -g  conftest.c >&5
configure:3463: $? = 0
configure:3504: result: yes
configure:3521: checking for /mnt/g12/carlton/workspaces/test_mercury_carlton/build.latest.gcc/mercury/boehm_gc/../scripts/mgnuc --grade asm_fast.gc --no-ansi --no-check --no-mercury-stdlib-dir option to accept ISO C89
configure:3585: /mnt/g12/carlton/workspaces/test_mercury_carlton/build.latest.gcc/mercury/boehm_gc/../scripts/mgnuc --grade asm_fast.gc --no-ansi --no-check --no-mercury-stdlib-dir  -c -g -O2  conftest.c >&5
configure:3585: $? = 0
configure:3598: result: none needed
configure:3620: checking dependency style of /mnt/g12/carlton/workspaces/test_mercury_carlton/build.latest.gcc/mercury/boehm_gc/../scripts/mgnuc --grade asm_fast.gc --no-ansi --no-check --no-mercury-stdlib-dir
configure:3730: result: gcc3
configure:3746: checking whether /mnt/g12/carlton/workspaces/test_mercury_carlton/build.latest.gcc/mercury/boehm_gc/../scripts/mgnuc --grade asm_fast.gc --no-ansi --no-check --no-mercury-stdlib-dir and cc understand -c and -o together
configure:3777: /mnt/g12/carlton/workspaces/test_mercury_carlton/build.latest.gcc/mercury/boehm_gc/../scripts/mgnuc --grade asm_fast.gc --no-ansi --no-check --no-mercury-stdlib-dir -c conftest.c -o conftest2.o >&5
configure:3781: $? = 0
configure:3787: /mnt/g12/carlton/workspaces/test_mercury_carlton/build.latest.gcc/mercury/boehm_gc/../scripts/mgnuc --grade asm_fast.gc --no-ansi --no-check --no-mercury-stdlib-dir -c conftest.c -o conftest2.o >&5
configure:3791: $? = 0
configure:3802: cc -c conftest.c >&5
configure:3806: $? = 0
configure:3814: cc -c conftest.c -o conftest2.o >&5
configure:3818: $? = 0
configure:3824: cc -c conftest.c -o conftest2.o >&5
configure:3828: $? = 0
configure:3846: result: yes
configure:3880: checking dependency style of /mnt/g12/carlton/workspaces/test_mercury_carlton/build.latest.gcc/mercury/boehm_gc/../scripts/mgnuc --grade asm_fast.gc --no-ansi --no-check --no-mercury-stdlib-dir
configure:3988: result: gcc3
configure:4011: checking how to run the C preprocessor
configure:4042: /mnt/g12/carlton/workspaces/test_mercury_carlton/build.latest.gcc/mercury/boehm_gc/../scripts/mgnuc --grade asm_fast.gc --no-ansi --no-check --no-mercury-stdlib-dir -E  conftest.c
configure:4042: $? = 0
configure:4056: /mnt/g12/carlton/workspaces/test_mercury_carlton/build.latest.gcc/mercury/boehm_gc/../scripts/mgnuc --grade asm_fast.gc --no-ansi --no-check --no-mercury-stdlib-dir -E  conftest.c
conftest.c:11: fatal error: ac_nonexistent.h: No such file or directory
compilation terminated.
configure:4056: $? = 1
configure: failed program was:
| /* confdefs.h */
| #define PACKAGE_NAME "libatomic_ops"
| #define PACKAGE_TARNAME "libatomic_ops"
| #define PACKAGE_VERSION "7.2"
| #define PACKAGE_STRING "libatomic_ops 7.2"
| #define PACKAGE_BUGREPORT ""
| #define PACKAGE_URL ""
| #define PACKAGE "libatomic_ops"
| #define VERSION "7.2"
| /* end confdefs.h.  */
| #include <ac_nonexistent.h>
configure:4081: result: /mnt/g12/carlton/workspaces/test_mercury_carlton/build.latest.gcc/mercury/boehm_gc/../scripts/mgnuc --grade asm_fast.gc --no-ansi --no-check --no-mercury-stdlib-dir -E
configure:4101: /mnt/g12/carlton/workspaces/test_mercury_carlton/build.latest.gcc/mercury/boehm_gc/../scripts/mgnuc --grade asm_fast.gc --no-ansi --no-check --no-mercury-stdlib-dir -E  conftest.c
configure:4101: $? = 0
configure:4115: /mnt/g12/carlton/workspaces/test_mercury_carlton/build.latest.gcc/mercury/boehm_gc/../scripts/mgnuc --grade asm_fast.gc --no-ansi --no-check --no-mercury-stdlib-dir -E  conftest.c
conftest.c:11: fatal error: ac_nonexistent.h: No such file or directory
compilation terminated.
configure:4115: $? = 1
configure: failed program was:
| /* confdefs.h */
| #define PACKAGE_NAME "libatomic_ops"
| #define PACKAGE_TARNAME "libatomic_ops"
| #define PACKAGE_VERSION "7.2"
| #define PACKAGE_STRING "libatomic_ops 7.2"
| #define PACKAGE_BUGREPORT ""
| #define PACKAGE_URL ""
| #define PACKAGE "libatomic_ops"
| #define VERSION "7.2"
| /* end confdefs.h.  */
| #include <ac_nonexistent.h>
configure:4144: checking for grep that handles long lines and -e
configure:4202: result: /bin/grep
configure:4207: checking for egrep
configure:4269: result: /bin/grep -E
configure:4274: checking for ANSI C header files
configure:4294: /mnt/g12/carlton/workspaces/test_mercury_carlton/build.latest.gcc/mercury/boehm_gc/../scripts/mgnuc --grade asm_fast.gc --no-ansi --no-check --no-mercury-stdlib-dir -c -g -O2  conftest.c >&5
configure:4294: $? = 0
configure:4367: /mnt/g12/carlton/workspaces/test_mercury_carlton/build.latest.gcc/mercury/boehm_gc/../scripts/mgnuc --grade asm_fast.gc --no-ansi --no-check --no-mercury-stdlib-dir -o conftest -g -O2   conftest.c  >&5
configure:4367: $? = 0
configure:4367: ./conftest
configure:4367: $? = 0
configure:4378: result: yes
configure:4391: checking for sys/types.h
configure:4391: /mnt/g12/carlton/workspaces/test_mercury_carlton/build.latest.gcc/mercury/boehm_gc/../scripts/mgnuc --grade asm_fast.gc --no-ansi --no-check --no-mercury-stdlib-dir -c -g -O2  conftest.c >&5
configure:4391: $? = 0
configure:4391: result: yes
configure:4391: checking for sys/stat.h
configure:4391: /mnt/g12/carlton/workspaces/test_mercury_carlton/build.latest.gcc/mercury/boehm_gc/../scripts/mgnuc --grade asm_fast.gc --no-ansi --no-check --no-mercury-stdlib-dir -c -g -O2  conftest.c >&5
configure:4391: $? = 0
configure:4391: result: yes
configure:4391: checking for stdlib.h
configure:4391: /mnt/g12/carlton/workspaces/test_mercury_carlton/build.latest.gcc/mercury/boehm_gc/../scripts/mgnuc --grade asm_fast.gc --no-ansi --no-check --no-mercury-stdlib-dir -c -g -O2  conftest.c >&5
configure:4391: $? = 0
configure:4391: result: yes
configure:4391: checking for string.h
configure:4391: /mnt/g12/carlton/workspaces/test_mercury_carlton/build.latest.gcc/mercury/boehm_gc/../scripts/mgnuc --grade asm_fast.gc --no-ansi --no-check --no-mercury-stdlib-dir -c -g -O2  conftest.c >&5
configure:4391: $? = 0
configure:4391: result: yes
configure:4391: checking for memory.h
configure:4391: /mnt/g12/carlton/workspaces/test_mercury_carlton/build.latest.gcc/mercury/boehm_gc/../scripts/mgnuc --grade asm_fast.gc --no-ansi --no-check --no-mercury-stdlib-dir -c -g -O2  conftest.c >&5
configure:4391: $? = 0
configure:4391: result: yes
configure:4391: checking for strings.h
configure:4391: /mnt/g12/carlton/workspaces/test_mercury_carlton/build.latest.gcc/mercury/boehm_gc/../scripts/mgnuc --grade asm_fast.gc --no-ansi --no-check --no-mercury-stdlib-dir -c -g -O2  conftest.c >&5
configure:4391: $? = 0
configure:4391: result: yes
configure:4391: checking for inttypes.h
configure:4391: /mnt/g12/carlton/workspaces/test_mercury_carlton/build.latest.gcc/mercury/boehm_gc/../scripts/mgnuc --grade asm_fast.gc --no-ansi --no-check --no-mercury-stdlib-dir -c -g -O2  conftest.c >&5
configure:4391: $? = 0
configure:4391: result: yes
configure:4391: checking for stdint.h
configure:4391: /mnt/g12/carlton/workspaces/test_mercury_carlton/build.latest.gcc/mercury/boehm_gc/../scripts/mgnuc --grade asm_fast.gc --no-ansi --no-check --no-mercury-stdlib-dir -c -g -O2  conftest.c >&5
configure:4391: $? = 0
configure:4391: result: yes
configure:4391: checking for unistd.h
configure:4391: /mnt/g12/carlton/workspaces/test_mercury_carlton/build.latest.gcc/mercury/boehm_gc/../scripts/mgnuc --grade asm_fast.gc --no-ansi --no-check --no-mercury-stdlib-dir -c -g -O2  conftest.c >&5
configure:4391: $? = 0
configure:4391: result: yes
configure:4409: checking for stdlib.h
configure:4409: result: yes
configure:4409: checking for unistd.h
configure:4409: result: yes
configure:4409: checking for sys/param.h
configure:4409: /mnt/g12/carlton/workspaces/test_mercury_carlton/build.latest.gcc/mercury/boehm_gc/../scripts/mgnuc --grade asm_fast.gc --no-ansi --no-check --no-mercury-stdlib-dir -c -g -O2  conftest.c >&5
configure:4409: $? = 0
configure:4409: result: yes
configure:4429: checking for getpagesize
configure:4429: /mnt/g12/carlton/workspaces/test_mercury_carlton/build.latest.gcc/mercury/boehm_gc/../scripts/mgnuc --grade asm_fast.gc --no-ansi --no-check --no-mercury-stdlib-dir -o conftest -g -O2   conftest.c  >&5
configure:4429: $? = 0
configure:4429: result: yes
configure:4438: checking for working mmap
configure:4585: /mnt/g12/carlton/workspaces/test_mercury_carlton/build.latest.gcc/mercury/boehm_gc/../scripts/mgnuc --grade asm_fast.gc --no-ansi --no-check --no-mercury-stdlib-dir -o conftest -g -O2   conftest.c  >&5
configure:4585: $? = 0
configure:4585: ./conftest
configure:4585: $? = 0
configure:4595: result: yes
configure:4606: checking for ANSI C header files
configure:4710: result: yes
configure:4723: checking for PIC compiler flag
configure:4733: result: -fPIC
configure:4736: checking whether gcc -fPIC causes __PIC__ definition
configure:4756: /mnt/g12/carlton/workspaces/test_mercury_carlton/build.latest.gcc/mercury/boehm_gc/../scripts/mgnuc --grade asm_fast.gc --no-ansi --no-check --no-mercury-stdlib-dir -c -fPIC -g -O2  conftest.c >&5
configure:4756: $? = 0
configure:4763: result: yes
configure:4808: checking for pthread_self in -lpthread
configure:4833: /mnt/g12/carlton/workspaces/test_mercury_carlton/build.latest.gcc/mercury/boehm_gc/../scripts/mgnuc --grade asm_fast.gc --no-ansi --no-check --no-mercury-stdlib-dir -o conftest -g -O2 -DNDEBUG   conftest.c -lpthread   >&5
configure:4833: $? = 0
configure:4842: result: yes
configure:5021: creating ./config.status

## ---------------- ##
## Cache variables. ##
## ---------------- ##

ac_cv_build=x86_64-unknown-linux-gnu
ac_cv_c_compiler_gnu=yes
ac_cv_env_CCASFLAGS_set=
ac_cv_env_CCASFLAGS_value=
ac_cv_env_CCAS_set=
ac_cv_env_CCAS_value=
ac_cv_env_CC_set=set
ac_cv_env_CC_value='/mnt/g12/carlton/workspaces/test_mercury_carlton/build.latest.gcc/mercury/boehm_gc/../scripts/mgnuc --grade asm_fast.gc --no-ansi --no-check --no-mercury-stdlib-dir'
ac_cv_env_CFLAGS_set=
ac_cv_env_CFLAGS_value=
ac_cv_env_CPPFLAGS_set=
ac_cv_env_CPPFLAGS_value=
ac_cv_env_CPP_set=
ac_cv_env_CPP_value=
ac_cv_env_LDFLAGS_set=
ac_cv_env_LDFLAGS_value=
ac_cv_env_LIBS_set=
ac_cv_env_LIBS_value=
ac_cv_env_build_alias_set=
ac_cv_env_build_alias_value=
ac_cv_env_host_alias_set=set
ac_cv_env_host_alias_value=x86_64-unknown-linux-gnu
ac_cv_env_target_alias_set=
ac_cv_env_target_alias_value=
ac_cv_func_getpagesize=yes
ac_cv_func_mmap_fixed_mapped=yes
ac_cv_header_inttypes_h=yes
ac_cv_header_memory_h=yes
ac_cv_header_stdc=yes
ac_cv_header_stdint_h=yes
ac_cv_header_stdlib_h=yes
ac_cv_header_string_h=yes
ac_cv_header_strings_h=yes
ac_cv_header_sys_param_h=yes
ac_cv_header_sys_stat_h=yes
ac_cv_header_sys_types_h=yes
ac_cv_header_unistd_h=yes
ac_cv_host=x86_64-unknown-linux-gnu
ac_cv_lib_pthread_pthread_self=yes
ac_cv_objext=o
ac_cv_path_EGREP='/bin/grep -E'
ac_cv_path_GREP=/bin/grep
ac_cv_path_install='/usr/bin/install -c'
ac_cv_path_mkdir=/bin/mkdir
ac_cv_pic_macro=yes
ac_cv_prog_AWK=gawk
ac_cv_prog_CC='/mnt/g12/carlton/workspaces/test_mercury_carlton/build.latest.gcc/mercury/boehm_gc/../scripts/mgnuc --grade asm_fast.gc --no-ansi --no-check --no-mercury-stdlib-dir'
ac_cv_prog_CPP='/mnt/g12/carlton/workspaces/test_mercury_carlton/build.latest.gcc/mercury/boehm_gc/../scripts/mgnuc --grade asm_fast.gc --no-ansi --no-check --no-mercury-stdlib-dir -E'
ac_cv_prog_RANLIB=ranlib
ac_cv_prog_ac_ct_STRIP=strip
ac_cv_prog_cc__mnt_g12_carlton_workspaces_test_mercury_carlton_build_latest_gcc_mercury_boehm_gc____scripts_mgnuc_c_o=yes
ac_cv_prog_cc_c89=
ac_cv_prog_cc_g=yes
ac_cv_prog_make_make_set=yes
ac_cv_target=x86_64-unknown-linux-gnu
am_cv_CCAS_dependencies_compiler_type=gcc3
am_cv_CC_dependencies_compiler_type=gcc3

## ----------------- ##
## Output variables. ##
## ----------------- ##

ACLOCAL='${SHELL} /home/mercury/public/test_mercury/test_dirs/carlton/build.latest.gcc/mercury/boehm_gc/libatomic_ops/missing --run aclocal-1.11'
AMDEPBACKSLASH='\'
AMDEP_FALSE='#'
AMDEP_TRUE=''
AMTAR='${SHELL} /home/mercury/public/test_mercury/test_dirs/carlton/build.latest.gcc/mercury/boehm_gc/libatomic_ops/missing --run tar'
AUTOCONF='${SHELL} /home/mercury/public/test_mercury/test_dirs/carlton/build.latest.gcc/mercury/boehm_gc/libatomic_ops/missing --run autoconf'
AUTOHEADER='${SHELL} /home/mercury/public/test_mercury/test_dirs/carlton/build.latest.gcc/mercury/boehm_gc/libatomic_ops/missing --run autoheader'
AUTOMAKE='${SHELL} /home/mercury/public/test_mercury/test_dirs/carlton/build.latest.gcc/mercury/boehm_gc/libatomic_ops/missing --run automake-1.11'
AWK='gawk'
CC='/mnt/g12/carlton/workspaces/test_mercury_carlton/build.latest.gcc/mercury/boehm_gc/../scripts/mgnuc --grade asm_fast.gc --no-ansi --no-check --no-mercury-stdlib-dir'
CCAS='/mnt/g12/carlton/workspaces/test_mercury_carlton/build.latest.gcc/mercury/boehm_gc/../scripts/mgnuc --grade asm_fast.gc --no-ansi --no-check --no-mercury-stdlib-dir'
CCASDEPMODE='depmode=gcc3'
CCASFLAGS='-g -O2'
CCDEPMODE='depmode=gcc3'
CFLAGS='-g -O2 -DNDEBUG'
CPP='/mnt/g12/carlton/workspaces/test_mercury_carlton/build.latest.gcc/mercury/boehm_gc/../scripts/mgnuc --grade asm_fast.gc --no-ansi --no-check --no-mercury-stdlib-dir -E'
CPPFLAGS=''
CYGPATH_W='echo'
DEFS='-DHAVE_CONFIG_H'
DEPDIR='.deps'
ECHO_C=''
ECHO_N='-n'
ECHO_T=''
EGREP='/bin/grep -E'
EXEEXT=''
GREP='/bin/grep'
HAVE_PTHREAD_H_FALSE='#'
HAVE_PTHREAD_H_TRUE=''
INSTALL_DATA='${INSTALL} -m 644'
INSTALL_PROGRAM='${INSTALL}'
INSTALL_SCRIPT='${INSTALL}'
INSTALL_STRIP_PROGRAM='$(install_sh) -c -s'
LDFLAGS=''
LIBOBJS=''
LIBS=''
LTLIBOBJS=''
MAKEINFO='${SHELL} /home/mercury/public/test_mercury/test_dirs/carlton/build.latest.gcc/mercury/boehm_gc/libatomic_ops/missing --run makeinfo'
MKDIR_P='/bin/mkdir -p'
NEED_ASM_FALSE=''
NEED_ASM_TRUE='#'
OBJEXT='o'
PACKAGE='libatomic_ops'
PACKAGE_BUGREPORT=''
PACKAGE_NAME='libatomic_ops'
PACKAGE_STRING='libatomic_ops 7.2'
PACKAGE_TARNAME='libatomic_ops'
PACKAGE_URL=''
PACKAGE_VERSION='7.2'
PATH_SEPARATOR=':'
PICFLAG='-fPIC'
RANLIB='ranlib'
SET_MAKE=''
SHELL='/bin/bash'
STRIP='strip'
THREADDLLIBS='-lpthread'
VERSION='7.2'
ac_ct_CC=''
am__EXEEXT_FALSE=''
am__EXEEXT_TRUE='#'
am__fastdepCCAS_FALSE='#'
am__fastdepCCAS_TRUE=''
am__fastdepCC_FALSE='#'
am__fastdepCC_TRUE=''
am__include='include'
am__isrc=''
am__leading_dot='.'
am__quote=''
am__tar='${AMTAR} chof - "$$tardir"'
am__untar='${AMTAR} xf -'
bindir='${exec_prefix}/bin'
build='x86_64-unknown-linux-gnu'
build_alias=''
build_cpu='x86_64'
build_os='linux-gnu'
build_vendor='unknown'
datadir='${datarootdir}'
datarootdir='${prefix}/share'
docdir='${datarootdir}/doc/${PACKAGE_TARNAME}'
dvidir='${docdir}'
exec_prefix='${prefix}'
host='x86_64-unknown-linux-gnu'
host_alias='x86_64-unknown-linux-gnu'
host_cpu='x86_64'
host_os='linux-gnu'
host_vendor='unknown'
htmldir='${docdir}'
includedir='${prefix}/include'
infodir='${datarootdir}/info'
install_sh='${SHELL} /home/mercury/public/test_mercury/test_dirs/carlton/build.latest.gcc/mercury/boehm_gc/libatomic_ops/install-sh'
libdir='${exec_prefix}/lib'
libexecdir='${exec_prefix}/libexec'
localedir='${datarootdir}/locale'
localstatedir='${prefix}/var'
mandir='${datarootdir}/man'
mkdir_p='/bin/mkdir -p'
oldincludedir='/usr/include'
pdfdir='${docdir}'
prefix='/home/mercury/public/test_mercury/test_dirs/carlton/build.latest.gcc/mercury/boehm_gc/libatomic_ops-install'
program_transform_name='s,x,x,'
psdir='${docdir}'
sbindir='${exec_prefix}/sbin'
sharedstatedir='${prefix}/com'
sysconfdir='${prefix}/etc'
target='x86_64-unknown-linux-gnu'
target_alias=''
target_cpu='x86_64'
target_os='linux-gnu'
target_vendor='unknown'

## ----------- ##
## confdefs.h. ##
## ----------- ##

/* confdefs.h */
#define PACKAGE_NAME "libatomic_ops"
#define PACKAGE_TARNAME "libatomic_ops"
#define PACKAGE_VERSION "7.2"
#define PACKAGE_STRING "libatomic_ops 7.2"
#define PACKAGE_BUGREPORT ""
#define PACKAGE_URL ""
#define PACKAGE "libatomic_ops"
#define VERSION "7.2"
#define STDC_HEADERS 1
#define HAVE_SYS_TYPES_H 1
#define HAVE_SYS_STAT_H 1
#define HAVE_STDLIB_H 1
#define HAVE_STRING_H 1
#define HAVE_MEMORY_H 1
#define HAVE_STRINGS_H 1
#define HAVE_INTTYPES_H 1
#define HAVE_STDINT_H 1
#define HAVE_UNISTD_H 1
#define HAVE_STDLIB_H 1
#define HAVE_UNISTD_H 1
#define HAVE_SYS_PARAM_H 1
#define HAVE_GETPAGESIZE 1
#define HAVE_MMAP 1
#define STDC_HEADERS 1
#define _REENTRANT 1

configure: exit 0

## ---------------------- ##
## Running config.status. ##
## ---------------------- ##

This file was extended by libatomic_ops config.status 7.2, which was
generated by GNU Autoconf 2.67.  Invocation command line was

  CONFIG_FILES    = 
  CONFIG_HEADERS  = 
  CONFIG_LINKS    = 
  CONFIG_COMMANDS = 
  $ ./config.status 

on carlton

config.status:903: creating Makefile
config.status:903: creating pkgconfig/atomic_ops.pc
config.status:903: creating pkgconfig/atomic_ops-uninstalled.pc
config.status:903: creating doc/Makefile
config.status:903: creating src/Makefile
config.status:903: creating src/atomic_ops/Makefile
config.status:903: creating src/atomic_ops/sysdeps/Makefile
config.status:903: creating tests/Makefile
config.status:903: creating src/config.h
config.status:1083: src/config.h is unchanged
config.status:1131: executing depfiles commands
config.status:1131: executing default commands

## ---------------------- ##
## Running config.status. ##
## ---------------------- ##

This file was extended by libatomic_ops config.status 7.2, which was
generated by GNU Autoconf 2.67.  Invocation command line was

  CONFIG_FILES    = 
  CONFIG_HEADERS  = 
  CONFIG_LINKS    = 
  CONFIG_COMMANDS = 
  $ ./config.status src/config.h

on carlton

config.status:903: creating src/config.h
config.status:1083: src/config.h is unchanged
